// Jest Snapshot v1, https://goo.gl/fbAQLP

exports[`Matches CloudFormation snapshot 1`] = `
Object {
  "Parameters": Object {
    "AssetParameters0b9723d54b7db3fbfc1a143398b02392e5fe080a68535480782a949b4372d0f0ArtifactHashF8F836D1": Object {
      "Description": "Artifact hash for asset \\"0b9723d54b7db3fbfc1a143398b02392e5fe080a68535480782a949b4372d0f0\\"",
      "Type": "String",
    },
    "AssetParameters0b9723d54b7db3fbfc1a143398b02392e5fe080a68535480782a949b4372d0f0S3Bucket0997A4A0": Object {
      "Description": "S3 bucket for asset \\"0b9723d54b7db3fbfc1a143398b02392e5fe080a68535480782a949b4372d0f0\\"",
      "Type": "String",
    },
    "AssetParameters0b9723d54b7db3fbfc1a143398b02392e5fe080a68535480782a949b4372d0f0S3VersionKey83D9C166": Object {
      "Description": "S3 key for asset version \\"0b9723d54b7db3fbfc1a143398b02392e5fe080a68535480782a949b4372d0f0\\"",
      "Type": "String",
    },
  },
  "Resources": Object {
    "DomainCertificateTestDomainCertificateCertificateRequestorFunctionD5719468": Object {
      "DependsOn": Array [
        "DomainCertificateTestDomainCertificateCertificateRequestorFunctionServiceRoleDefaultPolicyAA3ACB74",
        "DomainCertificateTestDomainCertificateCertificateRequestorFunctionServiceRoleED24A52E",
      ],
      "Properties": Object {
        "Code": Object {
          "S3Bucket": Object {
            "Ref": "AssetParameters0b9723d54b7db3fbfc1a143398b02392e5fe080a68535480782a949b4372d0f0S3Bucket0997A4A0",
          },
          "S3Key": Object {
            "Fn::Join": Array [
              "",
              Array [
                Object {
                  "Fn::Select": Array [
                    0,
                    Object {
                      "Fn::Split": Array [
                        "||",
                        Object {
                          "Ref": "AssetParameters0b9723d54b7db3fbfc1a143398b02392e5fe080a68535480782a949b4372d0f0S3VersionKey83D9C166",
                        },
                      ],
                    },
                  ],
                },
                Object {
                  "Fn::Select": Array [
                    1,
                    Object {
                      "Fn::Split": Array [
                        "||",
                        Object {
                          "Ref": "AssetParameters0b9723d54b7db3fbfc1a143398b02392e5fe080a68535480782a949b4372d0f0S3VersionKey83D9C166",
                        },
                      ],
                    },
                  ],
                },
              ],
            ],
          },
        },
        "Handler": "index.certificateRequestHandler",
        "Role": Object {
          "Fn::GetAtt": Array [
            "DomainCertificateTestDomainCertificateCertificateRequestorFunctionServiceRoleED24A52E",
            "Arn",
          ],
        },
        "Runtime": "nodejs10.x",
        "Timeout": 900,
      },
      "Type": "AWS::Lambda::Function",
    },
    "DomainCertificateTestDomainCertificateCertificateRequestorFunctionServiceRoleDefaultPolicyAA3ACB74": Object {
      "Properties": Object {
        "PolicyDocument": Object {
          "Statement": Array [
            Object {
              "Action": Array [
                "acm:RequestCertificate",
                "acm:DescribeCertificate",
                "acm:DeleteCertificate",
              ],
              "Effect": "Allow",
              "Resource": "*",
            },
            Object {
              "Action": "route53:GetChange",
              "Effect": "Allow",
              "Resource": "*",
            },
            Object {
              "Action": "route53:changeResourceRecordSets",
              "Effect": "Allow",
              "Resource": "arn:aws:route53:::hostedzone/DUMMY",
            },
          ],
          "Version": "2012-10-17",
        },
        "PolicyName": "DomainCertificateTestDomainCertificateCertificateRequestorFunctionServiceRoleDefaultPolicyAA3ACB74",
        "Roles": Array [
          Object {
            "Ref": "DomainCertificateTestDomainCertificateCertificateRequestorFunctionServiceRoleED24A52E",
          },
        ],
      },
      "Type": "AWS::IAM::Policy",
    },
    "DomainCertificateTestDomainCertificateCertificateRequestorFunctionServiceRoleED24A52E": Object {
      "Properties": Object {
        "AssumeRolePolicyDocument": Object {
          "Statement": Array [
            Object {
              "Action": "sts:AssumeRole",
              "Effect": "Allow",
              "Principal": Object {
                "Service": "lambda.amazonaws.com",
              },
            },
          ],
          "Version": "2012-10-17",
        },
        "ManagedPolicyArns": Array [
          Object {
            "Fn::Join": Array [
              "",
              Array [
                "arn:",
                Object {
                  "Ref": "AWS::Partition",
                },
                ":iam::aws:policy/service-role/AWSLambdaBasicExecutionRole",
              ],
            ],
          },
        ],
      },
      "Type": "AWS::IAM::Role",
    },
    "DomainCertificateTestDomainCertificateCertificateRequestorResource9D9F6E7A": Object {
      "DeletionPolicy": "Delete",
      "Properties": Object {
        "DomainName": "www.domain.com",
        "HostedZoneId": "DUMMY",
        "Region": "us-east-1",
        "ServiceToken": Object {
          "Fn::GetAtt": Array [
            "DomainCertificateTestDomainCertificateCertificateRequestorFunctionD5719468",
            "Arn",
          ],
        },
      },
      "Type": "AWS::CloudFormation::CustomResource",
      "UpdateReplacePolicy": "Delete",
    },
  },
}
`;
